error: Field name must be a member of the struct and not the field itself
  --> $DIR/length_expr_key.rs:14:16
   |
14 |     #[length = "tomato"]
   |                ^^^^^^^^
