error: #[packet]'s must contain a payload
  --> $DIR/no_payload.rs:11:10
   |
11 | #[derive(Packet)] //~ ERROR: #[packet]'s must contain a payload
   |          ^^^^^^
   |
   = note: this error originates in a derive macro (in Nightly builds, run with -Z macro-backtrace for more info)
