error: variable length field must have #[length = ""] or #[length_fn = ""] attribute
  --> $DIR/variable_length_fields.rs:14:17
   |
14 |     var_length: Vec<u8>,
   |                 ^^^
